
> ripe-app@0.1.0 build
> prisma generate && next build

◇ injected env (19) from .env.local // tip: ⌁ auth for agents [www.vestauth.com]
Loaded Prisma config from prisma.config.ts.

Prisma schema loaded from prisma\schema.prisma.

✔ Generated Prisma Client (7.9.1) to .\src\generated\prisma in 614ms

▲ Next.js 16.3.1 (Turbopack)
- Environments: .env.local
✓ Running next.config.ts took 93ms

  Creating an optimized production build ...
✓ Compiled successfully in 17.2s
  Running TypeScript ...
  Finished TypeScript in 12.9s ...
  Collecting page data using 3 workers ...

> Build error occurred
Error: ENOENT: no such file or directory, open 'C:\Users\BRENDON OLEGHE\Ripe Website App\.next\server\pages-manifest.json'
    at ignore-listed frames {
  errno: -4058,
  code: 'ENOENT',
  syscall: 'open',
  path: 'C:\\Users\\BRENDON OLEGHE\\Ripe Website App\\.next\\server\\pages-manifest.json'
}
